c:\users\arm\documents\github\vj-2d\projecte\metalgear\debug\vc143.pdb
c:\users\arm\documents\github\vj-2d\projecte\metalgear\debug\vc143.idb
c:\users\arm\documents\github\vj-2d\projecte\metalgear\debug\tilemap.obj
c:\users\arm\documents\github\vj-2d\projecte\metalgear\debug\texture.obj
c:\users\arm\documents\github\vj-2d\projecte\metalgear\debug\sprite.obj
c:\users\arm\documents\github\vj-2d\projecte\metalgear\debug\shaderprogram.obj
c:\users\arm\documents\github\vj-2d\projecte\metalgear\debug\shader.obj
c:\users\arm\documents\github\vj-2d\projecte\metalgear\debug\scene.obj
c:\users\arm\documents\github\vj-2d\projecte\metalgear\debug\player.obj
c:\users\arm\documents\github\vj-2d\projecte\metalgear\debug\main.obj
c:\users\arm\documents\github\vj-2d\projecte\metalgear\debug\game.obj
c:\users\arm\documents\github\vj-2d\projecte\metalgear\debug\metalgear.ilk
c:\users\arm\documents\github\vj-2d\projecte\metalgear\debug\metalgear.pdb
c:\users\arm\documents\github\vj-2d\projecte\debug\metalgear.pdb
c:\users\arm\documents\github\vj-2d\projecte\metalgear\debug\metalgear.tlog\cl.command.1.tlog
c:\users\arm\documents\github\vj-2d\projecte\metalgear\debug\metalgear.tlog\cl.items.tlog
c:\users\arm\documents\github\vj-2d\projecte\metalgear\debug\metalgear.tlog\cl.read.1.tlog
c:\users\arm\documents\github\vj-2d\projecte\metalgear\debug\metalgear.tlog\cl.write.1.tlog
c:\users\arm\documents\github\vj-2d\projecte\metalgear\debug\metalgear.tlog\link-cvtres.read.1.tlog
c:\users\arm\documents\github\vj-2d\projecte\metalgear\debug\metalgear.tlog\link-cvtres.write.1.tlog
c:\users\arm\documents\github\vj-2d\projecte\metalgear\debug\metalgear.tlog\link-rc.read.1.tlog
c:\users\arm\documents\github\vj-2d\projecte\metalgear\debug\metalgear.tlog\link-rc.write.1.tlog
c:\users\arm\documents\github\vj-2d\projecte\metalgear\debug\metalgear.tlog\link.25424-cvtres.read.1.tlog
c:\users\arm\documents\github\vj-2d\projecte\metalgear\debug\metalgear.tlog\link.25424-cvtres.write.1.tlog
c:\users\arm\documents\github\vj-2d\projecte\metalgear\debug\metalgear.tlog\link.25424-rc.read.1.tlog
c:\users\arm\documents\github\vj-2d\projecte\metalgear\debug\metalgear.tlog\link.25424-rc.write.1.tlog
c:\users\arm\documents\github\vj-2d\projecte\metalgear\debug\metalgear.tlog\link.25424.read.1.tlog
c:\users\arm\documents\github\vj-2d\projecte\metalgear\debug\metalgear.tlog\link.25424.write.1.tlog
c:\users\arm\documents\github\vj-2d\projecte\metalgear\debug\metalgear.tlog\link.command.1.tlog
c:\users\arm\documents\github\vj-2d\projecte\metalgear\debug\metalgear.tlog\link.read.1.tlog
c:\users\arm\documents\github\vj-2d\projecte\metalgear\debug\metalgear.tlog\link.secondary.1.tlog
c:\users\arm\documents\github\vj-2d\projecte\metalgear\debug\metalgear.tlog\link.write.1.tlog
